2025-11-05 22:07:47,325 - INFO - ================================================================================
2025-11-05 22:07:47,326 - INFO - CONTINUAL LEARNING TRAINING
2025-11-05 22:07:47,326 - INFO - Total tasks: 8
2025-11-05 22:07:47,326 - INFO - Tasks: ['C-STANCE', 'FOMC', 'MeetingBank', 'Py150', 'ScienceQA', 'NumGLUE-cm', 'NumGLUE-ds', '20Minuten']
2025-11-05 22:07:47,326 - INFO - Auto-resume: True
2025-11-05 22:07:47,326 - INFO - ================================================================================
2025-11-05 22:07:47,326 - INFO - Searching for existing checkpoints...
2025-11-05 22:07:47,327 - INFO - Found checkpoint: lora-continual/task_6_NumGLUE-ds
2025-11-05 22:07:47,327 - INFO - ================================================================================
2025-11-05 22:07:47,327 - INFO - RESUMING FROM CHECKPOINT
2025-11-05 22:07:47,327 - INFO - Last completed task: 6 (NumGLUE-ds (5 epochs))
2025-11-05 22:07:47,327 - INFO - Resuming from task: 7
2025-11-05 22:07:47,327 - INFO - ================================================================================
2025-11-05 22:07:47,327 - INFO - Setting up model and tokenizer...
2025-11-05 22:07:47,329 - INFO - Loading tokenizer from openlm-research/open_llama_3b_v2
2025-11-05 22:07:47,815 - INFO - Loading base model from openlm-research/open_llama_3b_v2
2025-11-05 22:07:52,145 - INFO - We will use 90% of the memory on device 0 for storing the model, and 10% for the buffer to avoid OOM. You can set `max_memory` in to a higher value to use more memory (at your own risk).
2025-11-05 22:08:17,802 - INFO - Loading LoRA checkpoint from lora-continual/task_6_NumGLUE-ds
2025-11-05 22:08:18,793 - INFO - Model and tokenizer setup complete
2025-11-05 22:08:18,793 - INFO - ================================================================================
2025-11-05 22:08:18,794 - INFO - TASK 7/7: 20Minuten (7 epochs)
2025-11-05 22:08:18,794 - INFO - ================================================================================
2025-11-05 22:08:18,794 - INFO - Loading dataset: 20Minuten
2025-11-05 22:08:19,057 - INFO - Formatting dataset: 20Minuten
2025-11-05 22:08:19,096 - INFO - Tokenizing dataset: 20Minuten
2025-11-05 22:08:47,742 - INFO - Dataset 20Minuten prepared successfully
2025-11-05 22:08:47,744 - INFO - Starting training for 7 epochs...
2025-11-05 22:08:51,919 - ERROR - ================================================================================
2025-11-05 22:08:51,919 - ERROR - ✗ Task 7 FAILED with error:
2025-11-05 22:08:51,919 - ERROR - RuntimeError: element 0 of tensors does not require grad and does not have a grad_fn
2025-11-05 22:08:51,919 - ERROR - ================================================================================
2025-11-05 22:08:51,920 - INFO - Last successful checkpoint: task_6_NumGLUE-ds
2025-11-05 22:08:51,920 - INFO - To resume, simply run: python training.py
2025-11-05 22:10:44,583 - INFO - ================================================================================
2025-11-05 22:10:44,583 - INFO - CONTINUAL LEARNING TRAINING
2025-11-05 22:10:44,583 - INFO - Total tasks: 8
2025-11-05 22:10:44,583 - INFO - Tasks: ['C-STANCE', 'FOMC', 'MeetingBank', 'Py150', 'ScienceQA', 'NumGLUE-cm', 'NumGLUE-ds', '20Minuten']
2025-11-05 22:10:44,583 - INFO - Auto-resume: True
2025-11-05 22:10:44,583 - INFO - ================================================================================
2025-11-05 22:10:44,584 - INFO - Searching for existing checkpoints...
2025-11-05 22:10:44,584 - INFO - Found checkpoint: lora-continual/task_5_NumGLUE-cm
2025-11-05 22:10:44,584 - INFO - ================================================================================
2025-11-05 22:10:44,584 - INFO - RESUMING FROM CHECKPOINT
2025-11-05 22:10:44,584 - INFO - Last completed task: 5 (NumGLUE-cm (5 epochs))
2025-11-05 22:10:44,584 - INFO - Resuming from task: 6
2025-11-05 22:10:44,584 - INFO - ================================================================================
2025-11-05 22:10:44,584 - INFO - Setting up model and tokenizer...
2025-11-05 22:10:44,586 - INFO - Loading tokenizer from openlm-research/open_llama_3b_v2
2025-11-05 22:10:44,942 - INFO - Loading base model from openlm-research/open_llama_3b_v2
2025-11-05 22:10:48,656 - INFO - We will use 90% of the memory on device 0 for storing the model, and 10% for the buffer to avoid OOM. You can set `max_memory` in to a higher value to use more memory (at your own risk).
2025-11-05 22:11:06,909 - INFO - Loading LoRA checkpoint from lora-continual/task_5_NumGLUE-cm
2025-11-05 22:11:07,906 - INFO - Model and tokenizer setup complete
2025-11-05 22:11:07,906 - INFO - ================================================================================
2025-11-05 22:11:07,906 - INFO - TASK 6/7: NumGLUE-ds (5 epochs)
2025-11-05 22:11:07,906 - INFO - ================================================================================
2025-11-05 22:11:07,906 - INFO - Loading dataset: NumGLUE-ds
2025-11-05 22:11:08,091 - INFO - Formatting dataset: NumGLUE-ds
2025-11-05 22:11:08,118 - INFO - Tokenizing dataset: NumGLUE-ds
2025-11-05 22:11:33,325 - INFO - Dataset NumGLUE-ds prepared successfully
2025-11-05 22:11:33,327 - INFO - Starting training for 5 epochs...
2025-11-05 22:11:34,223 - ERROR - ================================================================================
2025-11-05 22:11:34,223 - ERROR - ✗ Task 6 FAILED with error:
2025-11-05 22:11:34,224 - ERROR - RuntimeError: element 0 of tensors does not require grad and does not have a grad_fn
2025-11-05 22:11:34,224 - ERROR - ================================================================================
2025-11-05 22:11:34,224 - INFO - Last successful checkpoint: task_5_NumGLUE-cm
2025-11-05 22:11:34,224 - INFO - To resume, simply run: python training.py
2025-11-05 22:14:15,711 - INFO - ================================================================================
2025-11-05 22:14:15,712 - INFO - CONTINUAL LEARNING TRAINING
2025-11-05 22:14:15,712 - INFO - Total tasks: 8
2025-11-05 22:14:15,712 - INFO - Tasks: ['C-STANCE', 'FOMC', 'MeetingBank', 'Py150', 'ScienceQA', 'NumGLUE-cm', 'NumGLUE-ds', '20Minuten']
2025-11-05 22:14:15,712 - INFO - Auto-resume: True
2025-11-05 22:14:15,712 - INFO - ================================================================================
2025-11-05 22:14:15,712 - INFO - Searching for existing checkpoints...
2025-11-05 22:14:15,712 - INFO - Found checkpoint: lora-continual/task_5_NumGLUE-cm
2025-11-05 22:14:15,712 - INFO - ================================================================================
2025-11-05 22:14:15,713 - INFO - RESUMING FROM CHECKPOINT
2025-11-05 22:14:15,713 - INFO - Last completed task: 5 (NumGLUE-cm (5 epochs))
2025-11-05 22:14:15,713 - INFO - Resuming from task: 6
2025-11-05 22:14:15,713 - INFO - ================================================================================
2025-11-05 22:14:15,713 - INFO - Setting up model and tokenizer...
2025-11-05 22:14:15,714 - INFO - Loading tokenizer from openlm-research/open_llama_3b_v2
2025-11-05 22:14:16,133 - INFO - Loading base model from openlm-research/open_llama_3b_v2
2025-11-05 22:14:20,059 - INFO - We will use 90% of the memory on device 0 for storing the model, and 10% for the buffer to avoid OOM. You can set `max_memory` in to a higher value to use more memory (at your own risk).
2025-11-05 22:14:46,907 - INFO - Loading LoRA checkpoint from lora-continual/task_5_NumGLUE-cm
2025-11-05 22:14:47,878 - INFO - Model and tokenizer setup complete
2025-11-05 22:14:47,878 - INFO - ================================================================================
2025-11-05 22:14:47,878 - INFO - TASK 6/7: NumGLUE-ds (5 epochs)
2025-11-05 22:14:47,878 - INFO - ================================================================================
2025-11-05 22:14:47,878 - INFO - Loading dataset: NumGLUE-ds
2025-11-05 22:14:48,057 - INFO - Formatting dataset: NumGLUE-ds
2025-11-05 22:14:48,072 - INFO - Tokenizing dataset: NumGLUE-ds
2025-11-05 22:15:13,836 - INFO - Dataset NumGLUE-ds prepared successfully
2025-11-05 22:15:13,837 - INFO - Starting training for 5 epochs...
2025-11-05 22:15:15,109 - ERROR - ================================================================================
2025-11-05 22:15:15,109 - ERROR - ✗ Task 6 FAILED with error:
2025-11-05 22:15:15,109 - ERROR - RuntimeError: element 0 of tensors does not require grad and does not have a grad_fn
2025-11-05 22:15:15,109 - ERROR - ================================================================================
2025-11-05 22:15:15,109 - INFO - Last successful checkpoint: task_5_NumGLUE-cm
2025-11-05 22:15:15,109 - INFO - To resume, simply run: python training.py
2025-11-05 22:17:30,550 - INFO - ================================================================================
2025-11-05 22:17:30,550 - INFO - CONTINUAL LEARNING TRAINING
2025-11-05 22:17:30,550 - INFO - Total tasks: 8
2025-11-05 22:17:30,550 - INFO - Tasks: ['C-STANCE', 'FOMC', 'MeetingBank', 'Py150', 'ScienceQA', 'NumGLUE-cm', 'NumGLUE-ds', '20Minuten']
2025-11-05 22:17:30,550 - INFO - Auto-resume: True
2025-11-05 22:17:30,550 - INFO - ================================================================================
2025-11-05 22:17:30,552 - INFO - Searching for existing checkpoints...
2025-11-05 22:17:30,553 - INFO - No existing checkpoints found
2025-11-05 22:17:30,553 - INFO - ================================================================================
2025-11-05 22:17:30,553 - INFO - STARTING FRESH (no checkpoints found)
2025-11-05 22:17:30,553 - INFO - ================================================================================
2025-11-05 22:17:30,553 - INFO - Setting up model and tokenizer...
2025-11-05 22:17:30,555 - INFO - Loading tokenizer from openlm-research/open_llama_3b_v2
2025-11-05 22:17:30,922 - INFO - Loading base model from openlm-research/open_llama_3b_v2
2025-11-05 22:17:34,767 - INFO - We will use 90% of the memory on device 0 for storing the model, and 10% for the buffer to avoid OOM. You can set `max_memory` in to a higher value to use more memory (at your own risk).
2025-11-05 22:17:51,328 - INFO - Preparing new LoRA model from scratch...
2025-11-05 22:17:51,763 - INFO - Model and tokenizer setup complete
2025-11-05 22:17:51,763 - INFO - ================================================================================
2025-11-05 22:17:51,763 - INFO - TASK 0/7: C-STANCE (5 epochs)
2025-11-05 22:17:51,763 - INFO - ================================================================================
2025-11-05 22:17:51,763 - INFO - Loading dataset: C-STANCE
2025-11-05 22:17:54,943 - INFO - Formatting dataset: C-STANCE
2025-11-05 22:17:54,973 - INFO - Tokenizing dataset: C-STANCE
2025-11-05 22:18:21,842 - INFO - Dataset C-STANCE prepared successfully
2025-11-05 22:18:21,843 - INFO - Starting training for 5 epochs...
2025-11-05 22:23:20,115 - INFO - ================================================================================
2025-11-05 22:23:20,116 - INFO - CONTINUAL LEARNING TRAINING
2025-11-05 22:23:20,116 - INFO - Total tasks: 8
2025-11-05 22:23:20,116 - INFO - Tasks: ['C-STANCE', 'FOMC', 'MeetingBank', 'Py150', 'ScienceQA', 'NumGLUE-cm', 'NumGLUE-ds', '20Minuten']
2025-11-05 22:23:20,116 - INFO - Auto-resume: True
2025-11-05 22:23:20,116 - INFO - ================================================================================
2025-11-05 22:23:20,117 - INFO - Searching for existing checkpoints...
2025-11-05 22:23:20,117 - INFO - Found checkpoint: lora-continual/task_5_NumGLUE-cm
2025-11-05 22:23:20,117 - INFO - ================================================================================
2025-11-05 22:23:20,117 - INFO - RESUMING FROM CHECKPOINT
2025-11-05 22:23:20,117 - INFO - Last completed task: 5 (NumGLUE-cm (5 epochs))
2025-11-05 22:23:20,117 - INFO - Resuming from task: 6
2025-11-05 22:23:20,117 - INFO - ================================================================================
2025-11-05 22:23:20,117 - INFO - Setting up model and tokenizer...
2025-11-05 22:23:20,119 - INFO - Loading tokenizer from openlm-research/open_llama_3b_v2
2025-11-05 22:23:20,482 - INFO - Loading base model from openlm-research/open_llama_3b_v2
2025-11-05 22:23:24,445 - INFO - We will use 90% of the memory on device 0 for storing the model, and 10% for the buffer to avoid OOM. You can set `max_memory` in to a higher value to use more memory (at your own risk).
2025-11-05 22:23:40,676 - INFO - Loading LoRA checkpoint from lora-continual/task_5_NumGLUE-cm
2025-11-05 22:23:40,948 - INFO - Model and tokenizer setup complete
2025-11-05 22:23:40,948 - INFO - ================================================================================
2025-11-05 22:23:40,948 - INFO - TASK 6/7: NumGLUE-ds (5 epochs)
2025-11-05 22:23:40,948 - INFO - ================================================================================
2025-11-05 22:23:40,948 - INFO - Loading dataset: NumGLUE-ds
2025-11-05 22:23:41,133 - INFO - Formatting dataset: NumGLUE-ds
2025-11-05 22:23:41,146 - INFO - Tokenizing dataset: NumGLUE-ds
2025-11-05 22:24:06,716 - INFO - Dataset NumGLUE-ds prepared successfully
2025-11-05 22:24:06,717 - INFO - Starting training for 5 epochs...
2025-11-05 22:24:08,027 - ERROR - ================================================================================
2025-11-05 22:24:08,027 - ERROR - ✗ Task 6 FAILED with error:
2025-11-05 22:24:08,027 - ERROR - AssertionError: No inf checks were recorded prior to update.
2025-11-05 22:24:08,027 - ERROR - ================================================================================
2025-11-05 22:24:08,028 - INFO - Last successful checkpoint: task_5_NumGLUE-cm
2025-11-05 22:24:08,028 - INFO - To resume, simply run: python training.py
2025-11-05 22:25:20,130 - INFO - ================================================================================
2025-11-05 22:25:20,130 - INFO - CONTINUAL LEARNING TRAINING
2025-11-05 22:25:20,130 - INFO - Total tasks: 8
2025-11-05 22:25:20,130 - INFO - Tasks: ['C-STANCE', 'FOMC', 'MeetingBank', 'Py150', 'ScienceQA', 'NumGLUE-cm', 'NumGLUE-ds', '20Minuten']
2025-11-05 22:25:20,130 - INFO - Auto-resume: True
2025-11-05 22:25:20,130 - INFO - ================================================================================
2025-11-05 22:25:20,130 - INFO - Searching for existing checkpoints...
2025-11-05 22:25:20,130 - INFO - Found checkpoint: lora-continual/task_5_NumGLUE-cm
2025-11-05 22:25:20,130 - INFO - ================================================================================
2025-11-05 22:25:20,131 - INFO - RESUMING FROM CHECKPOINT
2025-11-05 22:25:20,131 - INFO - Last completed task: 5 (NumGLUE-cm (5 epochs))
2025-11-05 22:25:20,131 - INFO - Resuming from task: 6
2025-11-05 22:25:20,131 - INFO - ================================================================================
2025-11-05 22:25:20,131 - INFO - Setting up model and tokenizer...
2025-11-05 22:25:20,132 - INFO - Loading tokenizer from openlm-research/open_llama_3b_v2
2025-11-05 22:25:20,436 - INFO - Loading base model from openlm-research/open_llama_3b_v2
2025-11-05 22:25:23,879 - INFO - We will use 90% of the memory on device 0 for storing the model, and 10% for the buffer to avoid OOM. You can set `max_memory` in to a higher value to use more memory (at your own risk).
2025-11-05 22:25:43,195 - INFO - Loading LoRA checkpoint from lora-continual/task_5_NumGLUE-cm
2025-11-05 22:25:43,452 - INFO - Model and tokenizer setup complete
2025-11-05 22:25:43,452 - INFO - ================================================================================
2025-11-05 22:25:43,453 - INFO - TASK 6/7: NumGLUE-ds (5 epochs)
2025-11-05 22:25:43,453 - INFO - ================================================================================
2025-11-05 22:25:43,453 - INFO - Loading dataset: NumGLUE-ds
2025-11-05 22:25:43,613 - INFO - Formatting dataset: NumGLUE-ds
2025-11-05 22:25:43,624 - INFO - Tokenizing dataset: NumGLUE-ds
2025-11-05 22:26:08,425 - INFO - Dataset NumGLUE-ds prepared successfully
2025-11-05 22:26:08,426 - INFO - Starting training for 5 epochs...
2025-11-05 22:28:19,648 - INFO - Training completed
2025-11-05 22:28:19,649 - INFO - Saving checkpoint to test/lora-continual/task_0_C-STANCE
2025-11-05 22:28:19,825 - INFO - Checkpoint saved successfully
2025-11-05 22:28:19,825 - INFO - ✓ Task 0 completed successfully
2025-11-05 22:28:19,825 - INFO - ================================================================================
2025-11-05 22:28:19,825 - INFO - TASK 1/7: FOMC (3 epochs)
2025-11-05 22:28:19,825 - INFO - ================================================================================
2025-11-05 22:28:19,825 - INFO - Loading dataset: FOMC
2025-11-05 22:28:22,950 - INFO - Formatting dataset: FOMC
2025-11-05 22:28:22,978 - INFO - Tokenizing dataset: FOMC
2025-11-05 22:28:32,940 - WARNING - Parameter 'function'=<function ContinualLearningTrainer.get_tokenized_dataset.<locals>.tokenize_function at 0x1553f9730ca0> of the transform datasets.arrow_dataset.Dataset._map_single couldn't be hashed properly, a random hash was used instead. Make sure your transforms and parameters are serializable with pickle or dill for the dataset fingerprinting and caching to work. If you reuse this transform, the caching mechanism will consider it to be different from the previous calls and recompute everything. This warning is only shown once. Subsequent hashing failures won't be shown.
2025-11-05 22:28:53,668 - INFO - Dataset FOMC prepared successfully
2025-11-05 22:28:53,670 - INFO - Starting training for 3 epochs...
2025-11-05 22:31:12,927 - INFO - Training completed
2025-11-05 22:31:12,927 - INFO - Saving checkpoint to test/lora-continual/task_1_FOMC
2025-11-05 22:31:13,109 - INFO - Checkpoint saved successfully
2025-11-05 22:31:13,109 - INFO - ✓ Task 1 completed successfully
2025-11-05 22:31:13,109 - INFO - ================================================================================
2025-11-05 22:31:13,109 - INFO - TASK 2/7: MeetingBank (7 epochs)
2025-11-05 22:31:13,109 - INFO - ================================================================================
2025-11-05 22:31:13,109 - INFO - Loading dataset: MeetingBank
2025-11-05 22:31:13,531 - INFO - Formatting dataset: MeetingBank
2025-11-05 22:31:13,596 - INFO - Tokenizing dataset: MeetingBank
2025-11-05 22:31:54,328 - INFO - Dataset MeetingBank prepared successfully
2025-11-05 22:31:54,330 - INFO - Starting training for 7 epochs...
2025-11-05 22:32:26,509 - INFO - Training completed
2025-11-05 22:32:26,511 - INFO - Saving checkpoint to lora-continual/task_6_NumGLUE-ds
2025-11-05 22:32:26,690 - INFO - Checkpoint saved successfully
2025-11-05 22:32:26,690 - INFO - ✓ Task 6 completed successfully
2025-11-05 22:32:26,691 - INFO - ================================================================================
2025-11-05 22:32:26,691 - INFO - TASK 7/7: 20Minuten (7 epochs)
2025-11-05 22:32:26,691 - INFO - ================================================================================
2025-11-05 22:32:26,691 - INFO - Loading dataset: 20Minuten
2025-11-05 22:32:26,869 - INFO - Formatting dataset: 20Minuten
2025-11-05 22:32:26,883 - INFO - Tokenizing dataset: 20Minuten
2025-11-05 22:32:34,828 - WARNING - Parameter 'function'=<function ContinualLearningTrainer.get_tokenized_dataset.<locals>.tokenize_function at 0x1553f9e55a20> of the transform datasets.arrow_dataset.Dataset._map_single couldn't be hashed properly, a random hash was used instead. Make sure your transforms and parameters are serializable with pickle or dill for the dataset fingerprinting and caching to work. If you reuse this transform, the caching mechanism will consider it to be different from the previous calls and recompute everything. This warning is only shown once. Subsequent hashing failures won't be shown.
2025-11-05 22:32:53,401 - INFO - Dataset 20Minuten prepared successfully
2025-11-05 22:32:53,403 - INFO - Starting training for 7 epochs...
2025-11-05 22:32:54,172 - ERROR - ================================================================================
2025-11-05 22:32:54,172 - ERROR - ✗ Task 7 FAILED with error:
2025-11-05 22:32:54,172 - ERROR - OutOfMemoryError: CUDA out of memory. Tried to allocate 200.00 MiB. GPU 0 has a total capacity of 21.97 GiB of which 20.19 MiB is free. Including non-PyTorch memory, this process has 21.95 GiB memory in use. Of the allocated memory 20.87 GiB is allocated by PyTorch, and 904.17 MiB is reserved by PyTorch but unallocated. If reserved but unallocated memory is large try setting PYTORCH_CUDA_ALLOC_CONF=expandable_segments:True to avoid fragmentation.  See documentation for Memory Management  (https://pytorch.org/docs/stable/notes/cuda.html#environment-variables)
2025-11-05 22:32:54,172 - ERROR - ================================================================================
2025-11-05 22:32:54,172 - INFO - Last successful checkpoint: task_6_NumGLUE-ds
2025-11-05 22:32:54,172 - INFO - To resume, simply run: python training.py
2025-11-05 22:58:41,439 - INFO - Training completed
2025-11-05 22:58:41,440 - INFO - Saving checkpoint to test/lora-continual/task_2_MeetingBank
2025-11-05 22:58:41,618 - INFO - Checkpoint saved successfully
2025-11-05 22:58:41,618 - INFO - ✓ Task 2 completed successfully
2025-11-05 22:58:41,618 - INFO - ================================================================================
2025-11-05 22:58:41,618 - INFO - TASK 3/7: Py150 (5 epochs)
2025-11-05 22:58:41,618 - INFO - ================================================================================
2025-11-05 22:58:41,618 - INFO - Loading dataset: Py150
2025-11-05 22:58:41,854 - INFO - Formatting dataset: Py150
2025-11-05 22:58:41,888 - INFO - Tokenizing dataset: Py150
2025-11-05 22:59:14,887 - INFO - Dataset Py150 prepared successfully
2025-11-05 22:59:14,889 - INFO - Starting training for 5 epochs...
2025-11-05 23:16:44,101 - INFO - Training completed
2025-11-05 23:16:44,101 - INFO - Saving checkpoint to test/lora-continual/task_3_Py150
2025-11-05 23:16:44,275 - INFO - Checkpoint saved successfully
2025-11-05 23:16:44,275 - INFO - ✓ Task 3 completed successfully
2025-11-05 23:16:44,275 - INFO - ================================================================================
2025-11-05 23:16:44,275 - INFO - TASK 4/7: ScienceQA (3 epochs)
2025-11-05 23:16:44,275 - INFO - ================================================================================
2025-11-05 23:16:44,275 - INFO - Loading dataset: ScienceQA
2025-11-05 23:16:44,495 - INFO - Formatting dataset: ScienceQA
2025-11-05 23:16:44,527 - INFO - Tokenizing dataset: ScienceQA
2025-11-05 23:17:16,222 - INFO - Dataset ScienceQA prepared successfully
2025-11-05 23:17:16,224 - INFO - Starting training for 3 epochs...
2025-11-05 23:27:50,505 - INFO - Training completed
2025-11-05 23:27:50,505 - INFO - Saving checkpoint to test/lora-continual/task_4_ScienceQA
2025-11-05 23:27:50,679 - INFO - Checkpoint saved successfully
2025-11-05 23:27:50,679 - INFO - ✓ Task 4 completed successfully
2025-11-05 23:27:50,679 - INFO - ================================================================================
2025-11-05 23:27:50,679 - INFO - TASK 5/7: NumGLUE-cm (5 epochs)
2025-11-05 23:27:50,679 - INFO - ================================================================================
2025-11-05 23:27:50,679 - INFO - Loading dataset: NumGLUE-cm
2025-11-05 23:27:50,886 - INFO - Formatting dataset: NumGLUE-cm
2025-11-05 23:27:50,914 - INFO - Tokenizing dataset: NumGLUE-cm
2025-11-05 23:28:16,231 - INFO - Dataset NumGLUE-cm prepared successfully
2025-11-05 23:28:16,232 - INFO - Starting training for 5 epochs...
2025-11-05 23:31:26,506 - INFO - Training completed
2025-11-05 23:31:26,506 - INFO - Saving checkpoint to test/lora-continual/task_5_NumGLUE-cm
2025-11-05 23:31:26,684 - INFO - Checkpoint saved successfully
2025-11-05 23:31:26,684 - INFO - ✓ Task 5 completed successfully
2025-11-05 23:31:26,684 - INFO - ================================================================================
2025-11-05 23:31:26,684 - INFO - TASK 6/7: NumGLUE-ds (5 epochs)
2025-11-05 23:31:26,684 - INFO - ================================================================================
2025-11-05 23:31:26,684 - INFO - Loading dataset: NumGLUE-ds
2025-11-05 23:31:26,844 - INFO - Formatting dataset: NumGLUE-ds
2025-11-05 23:31:26,877 - INFO - Tokenizing dataset: NumGLUE-ds
2025-11-05 23:31:57,530 - INFO - Dataset NumGLUE-ds prepared successfully
2025-11-05 23:31:57,531 - INFO - Starting training for 5 epochs...
2025-11-05 23:34:07,534 - INFO - Training completed
2025-11-05 23:34:07,534 - INFO - Saving checkpoint to test/lora-continual/task_6_NumGLUE-ds
2025-11-05 23:34:07,744 - INFO - Checkpoint saved successfully
2025-11-05 23:34:07,744 - INFO - ✓ Task 6 completed successfully
2025-11-05 23:34:07,744 - INFO - ================================================================================
2025-11-05 23:34:07,744 - INFO - TASK 7/7: 20Minuten (7 epochs)
2025-11-05 23:34:07,745 - INFO - ================================================================================
2025-11-05 23:34:07,745 - INFO - Loading dataset: 20Minuten
2025-11-05 23:34:07,940 - INFO - Formatting dataset: 20Minuten
2025-11-05 23:34:07,985 - INFO - Tokenizing dataset: 20Minuten
2025-11-05 23:34:36,418 - INFO - Dataset 20Minuten prepared successfully
2025-11-05 23:34:36,419 - INFO - Starting training for 7 epochs...
2025-11-06 00:01:07,599 - INFO - Training completed
2025-11-06 00:01:07,599 - INFO - Saving checkpoint to test/lora-continual/task_7_20Minuten
2025-11-06 00:01:07,771 - INFO - Checkpoint saved successfully
2025-11-06 00:01:07,771 - INFO - ✓ Task 7 completed successfully
2025-11-06 00:01:07,771 - INFO - ================================================================================
2025-11-06 00:01:07,771 - INFO - 🎉 ALL TASKS COMPLETED SUCCESSFULLY! 🎉
2025-11-06 00:01:07,772 - INFO - ================================================================================
